../Core/Src/main.c:87:5:main	8	static
../Core/Src/main.c:151:6:SystemClock_Config	88	static
../Core/Src/main.c:200:13:MX_CAN1_Init	8	static
../Core/Src/main.c:237:13:MX_I2C1_Init	8	static
../Core/Src/main.c:271:13:MX_I2C2_Init	8	static
../Core/Src/main.c:305:13:MX_IWDG_Init	8	static
../Core/Src/main.c:333:13:MX_RTC_Init	32	static
../Core/Src/main.c:396:13:MX_TIM1_Init	96	static
../Core/Src/main.c:475:13:MX_TIM6_Init	16	static
../Core/Src/main.c:513:13:MX_USART2_UART_Init	8	static
../Core/Src/main.c:546:13:MX_GPIO_Init	48	static
../Core/Src/main.c:602:6:Error_Handler	4	static,ignoring_inline_asm
