../Core/Src/scheduler.c:63:6:Scheduler_Init	4	static
../Core/Src/scheduler.c:80:6:Scheduler_Update_1ms	8	static
../Core/Src/scheduler.c:98:20:Timer_Increment	16	static
../Core/Src/scheduler.c:114:6:Scheduler_Check_Flag	8	static
../Core/Src/scheduler.c:172:13:Timer_Task_1ms	4	static
../Core/Src/scheduler.c:184:13:Timer_Task_5ms	8	static
../Core/Src/scheduler.c:196:13:Timer_Task_10ms	8	static
../Core/Src/scheduler.c:209:13:Timer_Task_50ms	4	static
../Core/Src/scheduler.c:220:13:Timer_Task_100ms	8	static
../Core/Src/scheduler.c:233:13:Timer_Task_250ms	4	static
../Core/Src/scheduler.c:244:13:Timer_Task_500ms	4	static
../Core/Src/scheduler.c:256:13:Timer_Task_1s	8	static
