C:/Martin/GIT/UHA_COMMON/Src/MCAN.c:26:6:MCAN_Init	40	static
C:/Martin/GIT/UHA_COMMON/Src/MCAN.c:85:6:MCAN_Start	8	static
C:/Martin/GIT/UHA_COMMON/Src/MCAN.c:92:12:MCAN_GetNodesPt	4	static
C:/Martin/GIT/UHA_COMMON/Src/MCAN.c:98:6:MCAN_Update_10ms	112	static
C:/Martin/GIT/UHA_COMMON/Src/MCAN.c:149:6:MCAN_Transmit	56	static
C:/Martin/GIT/UHA_COMMON/Src/MCAN.c:166:9:MCAN_GetRxMessage	16	static
C:/Martin/GIT/UHA_COMMON/Src/MCAN.c:179:14:MCAN_GetNodeStatus	16	static
C:/Martin/GIT/UHA_COMMON/Src/MCAN.c:197:9:MCAN_SendFrame	72	static
C:/Martin/GIT/UHA_COMMON/Src/MCAN.c:214:16:Send	8	static
C:/Martin/GIT/UHA_COMMON/Src/MCAN.c:222:6:HAL_CAN_RxFifo0MsgPendingCallback	56	static
C:/Martin/GIT/UHA_COMMON/Src/MCAN.c:235:6:HAL_CAN_RxFifo1MsgPendingCallback	56	static
C:/Martin/GIT/UHA_COMMON/Src/MCAN.c:249:6:Set_Filter_Id_List	56	static
C:/Martin/GIT/UHA_COMMON/Src/MCAN.c:297:6:Set_Filter_Id_Mask	56	static
C:/Martin/GIT/UHA_COMMON/Src/MCAN.c:327:10:Filter_Calc_Mask_Code	24	static
