C:/Martin/GIT/UHA_COMMON/Src/MCAN.c:26:6:MCAN_Init	40	static
C:/Martin/GIT/UHA_COMMON/Src/MCAN.c:85:6:MCAN_Start	8	static
C:/Martin/GIT/UHA_COMMON/Src/MCAN.c:92:12:MCAN_GetNodesPt	4	static
C:/Martin/GIT/UHA_COMMON/Src/MCAN.c:98:6:MCAN_Update_10ms	112	static
C:/Martin/GIT/UHA_COMMON/Src/MCAN.c:149:6:MCAN_Transmit	56	static
C:/Martin/GIT/UHA_COMMON/Src/MCAN.c:166:9:MCAN_GetRxMessage	16	static
C:/Martin/GIT/UHA_COMMON/Src/MCAN.c:178:14:MCAN_GetNodeStatus	16	static
C:/Martin/GIT/UHA_COMMON/Src/MCAN.c:196:9:MCAN_SendFrame	72	static
C:/Martin/GIT/UHA_COMMON/Src/MCAN.c:213:16:Send	8	static
C:/Martin/GIT/UHA_COMMON/Src/MCAN.c:221:6:HAL_CAN_RxFifo0MsgPendingCallback	56	static
C:/Martin/GIT/UHA_COMMON/Src/MCAN.c:234:6:HAL_CAN_RxFifo1MsgPendingCallback	56	static
C:/Martin/GIT/UHA_COMMON/Src/MCAN.c:248:6:Set_Filter_Id_List	56	static
C:/Martin/GIT/UHA_COMMON/Src/MCAN.c:296:6:Set_Filter_Id_Mask	56	static
C:/Martin/GIT/UHA_COMMON/Src/MCAN.c:326:10:Filter_Calc_Mask_Code	24	static
