C:/Martin/GIT/UHA_COMMON/Src/OW.c:60:13:ActivateBus	16	static
C:/Martin/GIT/UHA_COMMON/Src/OW.c:68:6:OW_Init	16	static
C:/Martin/GIT/UHA_COMMON/Src/OW.c:102:6:OW_AddBus	48	static
C:/Martin/GIT/UHA_COMMON/Src/OW.c:125:6:ClearRxBuffer	4	static
C:/Martin/GIT/UHA_COMMON/Src/OW.c:137:11:OW_ReadSensor	32	static
C:/Martin/GIT/UHA_COMMON/Src/OW.c:187:6:OW_Read_SingleSensor	16	static
C:/Martin/GIT/UHA_COMMON/Src/OW.c:193:11:OW_ConvertAll	24	static
C:/Martin/GIT/UHA_COMMON/Src/OW.c:232:11:OW_ReadRom	24	static
C:/Martin/GIT/UHA_COMMON/Src/OW.c:275:6:TransferComplete	16	static
C:/Martin/GIT/UHA_COMMON/Src/OW.c:307:11:OW_GetLastTransferResult	4	static
C:/Martin/GIT/UHA_COMMON/Src/OW.c:312:10:OW_GetRom	4	static
C:/Martin/GIT/UHA_COMMON/Src/OW.c:318:6:OW_IRQHandler	8	static
