C:/Martin/GIT/UHA_COMMON/Src/OW.c:62:13:ActivateBus	16	static
C:/Martin/GIT/UHA_COMMON/Src/OW.c:70:6:OW_Init	16	static
C:/Martin/GIT/UHA_COMMON/Src/OW.c:109:6:OW_AddBus	48	static
C:/Martin/GIT/UHA_COMMON/Src/OW.c:132:6:ClearRxBuffer	4	static
C:/Martin/GIT/UHA_COMMON/Src/OW.c:144:11:OW_ReadSensor	32	static
C:/Martin/GIT/UHA_COMMON/Src/OW.c:199:6:OW_Read_SingleSensor	24	static
C:/Martin/GIT/UHA_COMMON/Src/OW.c:206:11:OW_ConvertAll	24	static
C:/Martin/GIT/UHA_COMMON/Src/OW.c:245:11:OW_ReadRom	24	static
C:/Martin/GIT/UHA_COMMON/Src/OW.c:288:6:TransferComplete	24	static
C:/Martin/GIT/UHA_COMMON/Src/OW.c:331:11:OW_GetLastTransferResult	4	static
C:/Martin/GIT/UHA_COMMON/Src/OW.c:336:10:OW_GetRom	4	static
C:/Martin/GIT/UHA_COMMON/Src/OW.c:342:6:OW_IRQHandler	8	static
C:/Martin/GIT/UHA_COMMON/Src/OW.c:506:16:CalculateCRC	24	static
