C:/Martin/GIT/UHA_COMMON/Src/UI.c:36:6:UI_Init	40	static
C:/Martin/GIT/UHA_COMMON/Src/UI.c:78:6:UI_Struct_Initialisation	32	static
C:/Martin/GIT/UHA_COMMON/Src/UI.c:86:6:UI_Update_10ms	8	static
C:/Martin/GIT/UHA_COMMON/Src/UI.c:99:6:UI_LED_R_SetMode	16	static
C:/Martin/GIT/UHA_COMMON/Src/UI.c:108:6:UI_LED_G_SetMode	16	static
C:/Martin/GIT/UHA_COMMON/Src/UI.c:117:6:UI_LED_B_SetMode	16	static
C:/Martin/GIT/UHA_COMMON/Src/UI.c:126:6:UI_LED_Life_SetMode	16	static
C:/Martin/GIT/UHA_COMMON/Src/UI.c:135:6:UI_Buzzer_SetMode	16	static
C:/Martin/GIT/UHA_COMMON/Src/UI.c:149:13:UI_Control	16	static
